<html>
<body>
<pre>
<h1>礦ision Build Log</h1>
<h2>Tool Versions:</h2>
IDE-Version: μVision V5.14.0.0
Copyright (C) 2015 ARM Ltd and ARM Germany GmbH. All rights reserved.
License Information: 123 Administrator, 123, LIC=0VR9U-SJ8WQ-KS0YM-XKF5G-ABNKQ-B4E0Y
 
Tool Versions:
Toolchain:       MDK-ARM Professional  Version: 5.14.0.0
Toolchain Path:  C:\Keil_v5\ARM\ARMCC\Bin
C Compiler:      Armcc.exe V5.05 update 1 (build 106)
Assembler:       Armasm.exe V5.05 update 1 (build 106)
Linker/Locator:  ArmLink.exe V5.05 update 1 (build 106)
Library Manager: ArmAr.exe V5.05 update 1 (build 106)
Hex Converter:   FromElf.exe V5.05 update 1 (build 106)
CPU DLL:         SARMCM3.DLL V5.14.0.0
Dialog DLL:      DCM.DLL V1.13.1.0
Target DLL:      STLink\ST-LINKIII-KEIL_SWO.dll V2.0.14.0_KEIL
Dialog DLL:      TCM.DLL V1.14.4.0
 
<h2>Project:</h2>
D:\2024年\1M爆脂\UL_1M V1.0程序\Obj\first.uvprojx
Project File Date:  09/21/2024

<h2>Output:</h2>
Rebuild target 'Target 1'
assembling startup_stm32f10x_hd.s...
compiling core_cm3.c...
compiling stm32f10x_exti.c...
compiling stm32f10x_gpio.c...
compiling stm32f10x_pwr.c...
compiling stm32f10x_usart.c...
compiling stm32f10x_tim.c...
compiling stm32f10x_rcc.c...
compiling misc.c...
compiling stm32f10x_it.c...
compiling system_stm32f10x.c...
compiling main.c...
compiling init.c...
compiling time.c...
compiling uart.c...
compiling ysxxs.c...
compiling display.c...
compiling RX1_DataCl.c...
compiling ads7843.c...
compiling sound.c...
compiling main_interface.c...
compiling xs_check_fun.c...
compiling xs_advanced_settings.c...
linking...
Program Size: Code=4156 RO-data=584 RW-data=32 ZI-data=1648  
FromELF: creating hex file...
"..\output\first.axf" - 0 Error(s), 0 Warning(s).

<h2>Collection of Component include folders:</h2>
  D:\2024年\1M爆脂\UL_1M V1.0程序\Obj\RTE
  C:\Keil_v5\ARM\PACK\Keil\STM32F1xx_DFP\1.0.5\Device\Include

<h2>Collection of Component Files used:</h2>
</pre>
</body>
</html>
